Component: ARM Compiler 6.14 Tool: armlink [5db06800]

==============================================================================

Section Cross References

    main.o(.ARM.exidx.text.isInside) refers to main.o(.text.isInside) for [Anonymous Symbol]
    main.o(.text.main) refers to main.o(.text.initClock) for initClock
    main.o(.text.main) refers to main.o(.text.initSysTick) for initSysTick
    main.o(.text.main) refers to display.o(.text.display_begin) for display_begin
    main.o(.text.main) refers to main.o(.text.pinMode) for pinMode
    main.o(.text.main) refers to main.o(.text.enablePullUp) for enablePullUp
    main.o(.text.main) refers to display.o(.text.RGBToWord) for RGBToWord
    main.o(.text.main) refers to display.o(.text.fillRectangle) for fillRectangle
    main.o(.text.main) refers to display.o(.text.printTextX2) for printTextX2
    main.o(.text.main) refers to display.o(.text.printText) for printText
    main.o(.text.main) refers to main.o(.text.delay) for delay
    main.o(.text.main) refers to display.o(.text.putImage) for putImage
    main.o(.text.main) refers to main.o(.text.DrawMaze) for DrawMaze
    main.o(.text.main) refers to main.o(.text.initTimer) for initTimer
    main.o(.text.main) refers to main.o(.rodata.str1.1) for .L.str
    main.o(.text.main) refers to main.o(.rodata.jeff1) for [Anonymous Symbol]
    main.o(.text.main) refers to main.o(.rodata.coinhud) for [Anonymous Symbol]
    main.o(.text.main) refers to main.o(.rodata.coin) for [Anonymous Symbol]
    main.o(.text.main) refers to main.o(.rodata.lever2) for [Anonymous Symbol]
    main.o(.text.main) refers to main.o(.rodata.win) for [Anonymous Symbol]
    main.o(.text.main) refers to main.o(.text.isInside) for isInside
    main.o(.text.main) refers to main.o(.text.playNote) for playNote
    main.o(.text.main) refers to main.o(.rodata.jeff2) for [Anonymous Symbol]
    main.o(.text.main) refers to main.o(.text.pluscoin) for pluscoin
    main.o(.text.main) refers to main.o(.rodata.jeff3) for [Anonymous Symbol]
    main.o(.text.main) refers to main.o(.text.minuslife) for minuslife
    main.o(.text.main) refers to main.o(.rodata.lever) for [Anonymous Symbol]
    main.o(.ARM.exidx.text.main) refers to main.o(.text.main) for [Anonymous Symbol]
    main.o(.ARM.exidx.text.initClock) refers to main.o(.text.initClock) for [Anonymous Symbol]
    main.o(.ARM.exidx.text.initSysTick) refers to main.o(.text.initSysTick) for [Anonymous Symbol]
    main.o(.ARM.exidx.text.pinMode) refers to main.o(.text.pinMode) for [Anonymous Symbol]
    main.o(.ARM.exidx.text.enablePullUp) refers to main.o(.text.enablePullUp) for [Anonymous Symbol]
    main.o(.text.delay) refers to main.o(.bss.milliseconds) for [Anonymous Symbol]
    main.o(.ARM.exidx.text.delay) refers to main.o(.text.delay) for [Anonymous Symbol]
    main.o(.text.DrawMaze) refers to display.o(.text.RGBToWord) for RGBToWord
    main.o(.text.DrawMaze) refers to display.o(.text.fillRectangle) for fillRectangle
    main.o(.ARM.exidx.text.DrawMaze) refers to main.o(.text.DrawMaze) for [Anonymous Symbol]
    main.o(.text.initTimer) refers to main.o(.text.pinMode) for pinMode
    main.o(.text.initTimer) refers to aeabi_sdivfast.o(.text_divfast) for __aeabi_uidiv
    main.o(.ARM.exidx.text.initTimer) refers to main.o(.text.initTimer) for [Anonymous Symbol]
    main.o(.text.playNote) refers to aeabi_sdivfast.o(.text_divfast) for __aeabi_uidiv
    main.o(.text.playNote) refers to main.o(.text.power_saving_delay) for power_saving_delay
    main.o(.ARM.exidx.text.playNote) refers to main.o(.text.playNote) for [Anonymous Symbol]
    main.o(.text.pluscoin) refers to display.o(.text.RGBToWord) for RGBToWord
    main.o(.text.pluscoin) refers to display.o(.text.printText) for printText
    main.o(.text.pluscoin) refers to main.o(.text.playNote) for playNote
    main.o(.text.pluscoin) refers to display.o(.text.fillRectangle) for fillRectangle
    main.o(.ARM.exidx.text.pluscoin) refers to main.o(.text.pluscoin) for [Anonymous Symbol]
    main.o(.text.minuslife) refers to display.o(.text.RGBToWord) for RGBToWord
    main.o(.text.minuslife) refers to display.o(.text.printText) for printText
    main.o(.text.minuslife) refers to main.o(.text.playNote) for playNote
    main.o(.text.minuslife) refers to display.o(.text.fillRectangle) for fillRectangle
    main.o(.ARM.exidx.text.minuslife) refers to main.o(.text.minuslife) for [Anonymous Symbol]
    main.o(.text.SysTick_Handler) refers to main.o(.bss.milliseconds) for [Anonymous Symbol]
    main.o(.ARM.exidx.text.SysTick_Handler) refers to main.o(.text.SysTick_Handler) for [Anonymous Symbol]
    main.o(.text.power_saving_delay) refers to main.o(.bss.milliseconds) for [Anonymous Symbol]
    main.o(.ARM.exidx.text.power_saving_delay) refers to main.o(.text.power_saving_delay) for [Anonymous Symbol]
    display.o(.text.display_begin) refers to display.o(.text.initSPI) for initSPI
    display.o(.text.display_begin) refers to display.o(.text.CSHigh) for CSHigh
    display.o(.text.display_begin) refers to display.o(.text.ResetHigh) for ResetHigh
    display.o(.text.display_begin) refers to main.o(.text.delay) for delay
    display.o(.text.display_begin) refers to display.o(.text.ResetLow) for ResetLow
    display.o(.text.display_begin) refers to display.o(.text.CSLow) for CSLow
    display.o(.text.display_begin) refers to display.o(.text.command) for command
    display.o(.text.display_begin) refers to display.o(.text.data) for data
    display.o(.text.display_begin) refers to display.o(.text.fillRectangle) for fillRectangle
    display.o(.ARM.exidx.text.display_begin) refers to display.o(.text.display_begin) for [Anonymous Symbol]
    display.o(.text.initSPI) refers to display.o(.text.transferSPI8) for transferSPI8
    display.o(.ARM.exidx.text.initSPI) refers to display.o(.text.initSPI) for [Anonymous Symbol]
    display.o(.ARM.exidx.text.CSHigh) refers to display.o(.text.CSHigh) for [Anonymous Symbol]
    display.o(.ARM.exidx.text.ResetHigh) refers to display.o(.text.ResetHigh) for [Anonymous Symbol]
    display.o(.ARM.exidx.text.ResetLow) refers to display.o(.text.ResetLow) for [Anonymous Symbol]
    display.o(.ARM.exidx.text.CSLow) refers to display.o(.text.CSLow) for [Anonymous Symbol]
    display.o(.text.command) refers to display.o(.text.DCLow) for DCLow
    display.o(.text.command) refers to display.o(.text.transferSPI8) for transferSPI8
    display.o(.ARM.exidx.text.command) refers to display.o(.text.command) for [Anonymous Symbol]
    display.o(.text.data) refers to display.o(.text.DCHigh) for DCHigh
    display.o(.text.data) refers to display.o(.text.transferSPI8) for transferSPI8
    display.o(.ARM.exidx.text.data) refers to display.o(.text.data) for [Anonymous Symbol]
    display.o(.text.fillRectangle) refers to display.o(.text.openAperture) for openAperture
    display.o(.text.fillRectangle) refers to display.o(.text.DCHigh) for DCHigh
    display.o(.text.fillRectangle) refers to display.o(.text.transferSPI16) for transferSPI16
    display.o(.ARM.exidx.text.fillRectangle) refers to display.o(.text.fillRectangle) for [Anonymous Symbol]
    display.o(.text.openAperture) refers to display.o(.text.command) for command
    display.o(.text.openAperture) refers to display.o(.text.data) for data
    display.o(.ARM.exidx.text.openAperture) refers to display.o(.text.openAperture) for [Anonymous Symbol]
    display.o(.ARM.exidx.text.DCHigh) refers to display.o(.text.DCHigh) for [Anonymous Symbol]
    display.o(.ARM.exidx.text.transferSPI16) refers to display.o(.text.transferSPI16) for [Anonymous Symbol]
    display.o(.text.putPixel) refers to display.o(.text.openAperture) for openAperture
    display.o(.text.putPixel) refers to display.o(.text.DCHigh) for DCHigh
    display.o(.text.putPixel) refers to display.o(.text.transferSPI16) for transferSPI16
    display.o(.ARM.exidx.text.putPixel) refers to display.o(.text.putPixel) for [Anonymous Symbol]
    display.o(.text.putImage) refers to display.o(.text.openAperture) for openAperture
    display.o(.text.putImage) refers to display.o(.text.DCHigh) for DCHigh
    display.o(.text.putImage) refers to display.o(.text.transferSPI16) for transferSPI16
    display.o(.ARM.exidx.text.putImage) refers to display.o(.text.putImage) for [Anonymous Symbol]
    display.o(.text.drawLine) refers to display.o(.text.iabs) for iabs
    display.o(.text.drawLine) refers to display.o(.text.drawLineLowSlope) for drawLineLowSlope
    display.o(.text.drawLine) refers to display.o(.text.drawLineHighSlope) for drawLineHighSlope
    display.o(.ARM.exidx.text.drawLine) refers to display.o(.text.drawLine) for [Anonymous Symbol]
    display.o(.ARM.exidx.text.iabs) refers to display.o(.text.iabs) for [Anonymous Symbol]
    display.o(.text.drawLineLowSlope) refers to display.o(.text.putPixel) for putPixel
    display.o(.ARM.exidx.text.drawLineLowSlope) refers to display.o(.text.drawLineLowSlope) for [Anonymous Symbol]
    display.o(.text.drawLineHighSlope) refers to display.o(.text.putPixel) for putPixel
    display.o(.ARM.exidx.text.drawLineHighSlope) refers to display.o(.text.drawLineHighSlope) for [Anonymous Symbol]
    display.o(.text.drawRectangle) refers to display.o(.text.drawLine) for drawLine
    display.o(.ARM.exidx.text.drawRectangle) refers to display.o(.text.drawRectangle) for [Anonymous Symbol]
    display.o(.text.drawCircle) refers to display.o(.text.putPixel) for putPixel
    display.o(.ARM.exidx.text.drawCircle) refers to display.o(.text.drawCircle) for [Anonymous Symbol]
    display.o(.text.fillCircle) refers to display.o(.text.drawLine) for drawLine
    display.o(.ARM.exidx.text.fillCircle) refers to display.o(.text.fillCircle) for [Anonymous Symbol]
    display.o(.text.printText) refers to display.o(.text.mystrlen) for mystrlen
    display.o(.text.printText) refers to display.o(.text.putImage) for putImage
    display.o(.text.printText) refers to display.o(.rodata.Font5x7) for [Anonymous Symbol]
    display.o(.ARM.exidx.text.printText) refers to display.o(.text.printText) for [Anonymous Symbol]
    display.o(.ARM.exidx.text.mystrlen) refers to display.o(.text.mystrlen) for [Anonymous Symbol]
    display.o(.text.printTextX2) refers to display.o(.text.mystrlen) for mystrlen
    display.o(.text.printTextX2) refers to display.o(.text.putImage) for putImage
    display.o(.text.printTextX2) refers to display.o(.rodata.Font5x7) for [Anonymous Symbol]
    display.o(.ARM.exidx.text.printTextX2) refers to display.o(.text.printTextX2) for [Anonymous Symbol]
    display.o(.text.printNumber) refers to aeabi_sdivfast.o(.text_divfast) for __aeabi_uidiv
    display.o(.text.printNumber) refers to aeabi_sdivfast.o(.text) for __aeabi_uidivmod
    display.o(.text.printNumber) refers to display.o(.text.printText) for printText
    display.o(.ARM.exidx.text.printNumber) refers to display.o(.text.printNumber) for [Anonymous Symbol]
    display.o(.text.printNumberX2) refers to aeabi_sdivfast.o(.text_divfast) for __aeabi_uidiv
    display.o(.text.printNumberX2) refers to aeabi_sdivfast.o(.text) for __aeabi_uidivmod
    display.o(.text.printNumberX2) refers to display.o(.text.printTextX2) for printTextX2
    display.o(.ARM.exidx.text.printNumberX2) refers to display.o(.text.printNumberX2) for [Anonymous Symbol]
    display.o(.ARM.exidx.text.RGBToWord) refers to display.o(.text.RGBToWord) for [Anonymous Symbol]
    display.o(.text.clear) refers to display.o(.text.fillRectangle) for fillRectangle
    display.o(.ARM.exidx.text.clear) refers to display.o(.text.clear) for [Anonymous Symbol]
    display.o(.ARM.exidx.text.transferSPI8) refers to display.o(.text.transferSPI8) for [Anonymous Symbol]
    display.o(.ARM.exidx.text.DCLow) refers to display.o(.text.DCLow) for [Anonymous Symbol]
    startup_stm32f031x6.o(STACK) refers (Special) to heapauxi.o(.text) for __use_two_region_memory
    startup_stm32f031x6.o(HEAP) refers (Special) to heapauxi.o(.text) for __use_two_region_memory
    startup_stm32f031x6.o(RESET) refers (Special) to heapauxi.o(.text) for __use_two_region_memory
    startup_stm32f031x6.o(RESET) refers to startup_stm32f031x6.o(STACK) for __initial_sp
    startup_stm32f031x6.o(RESET) refers to startup_stm32f031x6.o(.text) for Reset_Handler
    startup_stm32f031x6.o(RESET) refers to main.o(.text.SysTick_Handler) for SysTick_Handler
    startup_stm32f031x6.o(.text) refers (Special) to heapauxi.o(.text) for __use_two_region_memory
    startup_stm32f031x6.o(.text) refers to system_stm32f0xx.o(.text.SystemInit) for SystemInit
    startup_stm32f031x6.o(.text) refers to __main.o(!!!main) for __main
    startup_stm32f031x6.o(.text) refers to startup_stm32f031x6.o(HEAP) for Heap_Mem
    startup_stm32f031x6.o(.text) refers to startup_stm32f031x6.o(STACK) for Stack_Mem
    system_stm32f0xx.o(.ARM.exidx.text.SystemInit) refers to system_stm32f0xx.o(.text.SystemInit) for [Anonymous Symbol]
    system_stm32f0xx.o(.text.SystemCoreClockUpdate) refers to aeabi_sdivfast.o(.text_divfast) for __aeabi_uidiv
    system_stm32f0xx.o(.text.SystemCoreClockUpdate) refers to system_stm32f0xx.o(.data.SystemCoreClock) for SystemCoreClock
    system_stm32f0xx.o(.text.SystemCoreClockUpdate) refers to system_stm32f0xx.o(.rodata.AHBPrescTable) for AHBPrescTable
    system_stm32f0xx.o(.ARM.exidx.text.SystemCoreClockUpdate) refers to system_stm32f0xx.o(.text.SystemCoreClockUpdate) for [Anonymous Symbol]
    __main.o(!!!main) refers to __rtentry.o(.ARM.Collect$$rtentry$$00000000) for __rt_entry
    __rtentry.o(.ARM.Collect$$rtentry$$00000000) refers (Special) to __rtentry2.o(.ARM.Collect$$rtentry$$0000000A) for __rt_entry_li
    __rtentry.o(.ARM.Collect$$rtentry$$00000000) refers (Special) to __rtentry2.o(.ARM.Collect$$rtentry$$0000000D) for __rt_entry_main
    __rtentry.o(.ARM.Collect$$rtentry$$00000000) refers (Special) to __rtentry2.o(.ARM.Collect$$rtentry$$0000000C) for __rt_entry_postli_1
    __rtentry.o(.ARM.Collect$$rtentry$$00000000) refers (Special) to __rtentry2.o(.ARM.Collect$$rtentry$$00000009) for __rt_entry_postsh_1
    __rtentry.o(.ARM.Collect$$rtentry$$00000000) refers (Special) to __rtentry2.o(.ARM.Collect$$rtentry$$00000002) for __rt_entry_presh_1
    __rtentry.o(.ARM.Collect$$rtentry$$00000000) refers (Special) to __rtentry4.o(.ARM.Collect$$rtentry$$00000004) for __rt_entry_sh
    aeabi_idiv0_sigfpe.o(.text) refers to rt_div0.o(.text) for __rt_div0
    __rtentry2.o(.ARM.Collect$$rtentry$$00000008) refers to boardinit2.o(.text) for _platform_post_stackheap_init
    __rtentry2.o(.ARM.Collect$$rtentry$$0000000A) refers to libinit.o(.ARM.Collect$$libinit$$00000000) for __rt_lib_init
    __rtentry2.o(.ARM.Collect$$rtentry$$0000000B) refers to boardinit3.o(.text) for _platform_post_lib_init
    __rtentry2.o(.ARM.Collect$$rtentry$$0000000D) refers to main.o(.text.main) for main
    __rtentry2.o(.ARM.Collect$$rtentry$$0000000D) refers to exit.o(.text) for exit
    __rtentry2.o(.ARM.exidx) refers to __rtentry2.o(.ARM.Collect$$rtentry$$00000001) for .ARM.Collect$$rtentry$$00000001
    __rtentry2.o(.ARM.exidx) refers to __rtentry2.o(.ARM.Collect$$rtentry$$00000008) for .ARM.Collect$$rtentry$$00000008
    __rtentry2.o(.ARM.exidx) refers to __rtentry2.o(.ARM.Collect$$rtentry$$0000000A) for .ARM.Collect$$rtentry$$0000000A
    __rtentry2.o(.ARM.exidx) refers to __rtentry2.o(.ARM.Collect$$rtentry$$0000000B) for .ARM.Collect$$rtentry$$0000000B
    __rtentry2.o(.ARM.exidx) refers to __rtentry2.o(.ARM.Collect$$rtentry$$0000000D) for .ARM.Collect$$rtentry$$0000000D
    __rtentry4.o(.ARM.Collect$$rtentry$$00000004) refers to sys_stackheap_outer.o(.text) for __user_setup_stackheap
    __rtentry4.o(.ARM.exidx) refers to __rtentry4.o(.ARM.Collect$$rtentry$$00000004) for .ARM.Collect$$rtentry$$00000004
    rt_div0.o(.text) refers to defsig_fpe_outer.o(.text) for __rt_SIGFPE
    sys_stackheap_outer.o(.text) refers to libspace.o(.text) for __user_perproc_libspace
    sys_stackheap_outer.o(.text) refers to startup_stm32f031x6.o(.text) for __user_initial_stackheap
    sys_stackheap_outer.o(__vectab_stack_and_reset_area) refers to tempstk.o(.text) for __temporary_stack_top
    sys_stackheap_outer.o(__vectab_stack_and_reset_area) refers to __main.o(!!!main) for __main
    exit.o(.text) refers to rtexit.o(.ARM.Collect$$rtexit$$00000000) for __rt_exit
    defsig_fpe_outer.o(.text) refers to defsig_fpe_inner.o(.text) for __rt_SIGFPE_inner
    defsig_fpe_outer.o(.text) refers to defsig_exit.o(.text) for __sig_exit
    defsig_fpe_formal.o(.text) refers to rt_raise.o(.text) for __rt_raise
    libinit.o(.ARM.Collect$$libinit$$00000000) refers (Special) to libinit2.o(.ARM.Collect$$libinit$$0000002E) for __rt_lib_init_alloca_1
    libinit.o(.ARM.Collect$$libinit$$00000000) refers (Special) to libinit2.o(.ARM.Collect$$libinit$$0000002C) for __rt_lib_init_argv_1
    libinit.o(.ARM.Collect$$libinit$$00000000) refers (Special) to libinit2.o(.ARM.Collect$$libinit$$0000001B) for __rt_lib_init_atexit_1
    libinit.o(.ARM.Collect$$libinit$$00000000) refers (Special) to libinit2.o(.ARM.Collect$$libinit$$00000021) for __rt_lib_init_clock_1
    libinit.o(.ARM.Collect$$libinit$$00000000) refers (Special) to libinit2.o(.ARM.Collect$$libinit$$00000032) for __rt_lib_init_cpp_1
    libinit.o(.ARM.Collect$$libinit$$00000000) refers (Special) to libinit2.o(.ARM.Collect$$libinit$$00000030) for __rt_lib_init_exceptions_1
    libinit.o(.ARM.Collect$$libinit$$00000000) refers (Special) to libinit2.o(.ARM.Collect$$libinit$$00000002) for __rt_lib_init_fp_1
    libinit.o(.ARM.Collect$$libinit$$00000000) refers (Special) to libinit2.o(.ARM.Collect$$libinit$$0000001F) for __rt_lib_init_fp_trap_1
    libinit.o(.ARM.Collect$$libinit$$00000000) refers (Special) to libinit2.o(.ARM.Collect$$libinit$$00000023) for __rt_lib_init_getenv_1
    libinit.o(.ARM.Collect$$libinit$$00000000) refers (Special) to libinit2.o(.ARM.Collect$$libinit$$0000000A) for __rt_lib_init_heap_1
    libinit.o(.ARM.Collect$$libinit$$00000000) refers (Special) to libinit2.o(.ARM.Collect$$libinit$$00000011) for __rt_lib_init_lc_collate_1
    libinit.o(.ARM.Collect$$libinit$$00000000) refers (Special) to libinit2.o(.ARM.Collect$$libinit$$00000013) for __rt_lib_init_lc_ctype_1
    libinit.o(.ARM.Collect$$libinit$$00000000) refers (Special) to libinit2.o(.ARM.Collect$$libinit$$00000015) for __rt_lib_init_lc_monetary_1
    libinit.o(.ARM.Collect$$libinit$$00000000) refers (Special) to libinit2.o(.ARM.Collect$$libinit$$00000017) for __rt_lib_init_lc_numeric_1
    libinit.o(.ARM.Collect$$libinit$$00000000) refers (Special) to libinit2.o(.ARM.Collect$$libinit$$00000019) for __rt_lib_init_lc_time_1
    libinit.o(.ARM.Collect$$libinit$$00000000) refers (Special) to libinit2.o(.ARM.Collect$$libinit$$00000004) for __rt_lib_init_preinit_1
    libinit.o(.ARM.Collect$$libinit$$00000000) refers (Special) to libinit2.o(.ARM.Collect$$libinit$$0000000E) for __rt_lib_init_rand_1
    libinit.o(.ARM.Collect$$libinit$$00000000) refers (Special) to libinit2.o(.ARM.Collect$$libinit$$00000033) for __rt_lib_init_return
    libinit.o(.ARM.Collect$$libinit$$00000000) refers (Special) to libinit2.o(.ARM.Collect$$libinit$$0000001D) for __rt_lib_init_signal_1
    libinit.o(.ARM.Collect$$libinit$$00000000) refers (Special) to libinit2.o(.ARM.Collect$$libinit$$00000025) for __rt_lib_init_stdio_1
    libinit.o(.ARM.Collect$$libinit$$00000000) refers (Special) to libinit2.o(.ARM.Collect$$libinit$$0000000C) for __rt_lib_init_user_alloc_1
    libspace.o(.text) refers to libspace.o(.bss) for __libspace_start
    rtexit.o(.ARM.Collect$$rtexit$$00000000) refers (Special) to rtexit2.o(.ARM.Collect$$rtexit$$00000004) for __rt_exit_exit
    rtexit.o(.ARM.Collect$$rtexit$$00000000) refers (Special) to rtexit2.o(.ARM.Collect$$rtexit$$00000003) for __rt_exit_ls
    rtexit.o(.ARM.Collect$$rtexit$$00000000) refers (Special) to rtexit2.o(.ARM.Collect$$rtexit$$00000002) for __rt_exit_prels_1
    rtexit.o(.ARM.exidx) refers (Special) to rtexit2.o(.ARM.Collect$$rtexit$$00000004) for __rt_exit_exit
    rtexit.o(.ARM.exidx) refers (Special) to rtexit2.o(.ARM.Collect$$rtexit$$00000003) for __rt_exit_ls
    rtexit.o(.ARM.exidx) refers (Special) to rtexit2.o(.ARM.Collect$$rtexit$$00000002) for __rt_exit_prels_1
    rtexit.o(.ARM.exidx) refers to rtexit.o(.ARM.Collect$$rtexit$$00000000) for .ARM.Collect$$rtexit$$00000000
    rt_raise.o(.text) refers to __raise.o(.text) for __raise
    rt_raise.o(.text) refers to sys_exit.o(.text) for _sys_exit
    defsig_exit.o(.text) refers to sys_exit.o(.text) for _sys_exit
    defsig_fpe_inner.o(.text) refers to defsig_general.o(.text) for __default_signal_display
    libinit2.o(.ARM.Collect$$libinit$$00000010) refers to libinit2.o(.ARM.Collect$$libinit$$0000000F) for .ARM.Collect$$libinit$$0000000F
    libinit2.o(.ARM.Collect$$libinit$$00000012) refers to libinit2.o(.ARM.Collect$$libinit$$0000000F) for .ARM.Collect$$libinit$$0000000F
    libinit2.o(.ARM.Collect$$libinit$$00000014) refers to libinit2.o(.ARM.Collect$$libinit$$0000000F) for .ARM.Collect$$libinit$$0000000F
    libinit2.o(.ARM.Collect$$libinit$$00000016) refers to libinit2.o(.ARM.Collect$$libinit$$0000000F) for .ARM.Collect$$libinit$$0000000F
    libinit2.o(.ARM.Collect$$libinit$$00000018) refers to libinit2.o(.ARM.Collect$$libinit$$0000000F) for .ARM.Collect$$libinit$$0000000F
    libinit2.o(.ARM.Collect$$libinit$$00000026) refers to argv_veneer.o(.text) for __ARM_argv_veneer
    libinit2.o(.ARM.Collect$$libinit$$00000027) refers to argv_veneer.o(.text) for __ARM_argv_veneer
    sys_exit.o(.text) refers (Special) to use_no_semi.o(.text) for __I$use$semihosting
    sys_exit.o(.text) refers (Special) to indicate_semi.o(.text) for __semihosting_library_function
    sys_exit_hlt.o(.text) refers (Special) to use_no_semi.o(.text) for __I$use$semihosting
    sys_exit_hlt.o(.text) refers (Special) to indicate_semi.o(.text) for __semihosting_library_function
    rtexit2.o(.ARM.Collect$$rtexit$$00000003) refers to libshutdown.o(.ARM.Collect$$libshutdown$$00000000) for __rt_lib_shutdown
    rtexit2.o(.ARM.Collect$$rtexit$$00000004) refers to sys_exit.o(.text) for _sys_exit
    rtexit2.o(.ARM.exidx) refers to rtexit2.o(.ARM.Collect$$rtexit$$00000001) for .ARM.Collect$$rtexit$$00000001
    rtexit2.o(.ARM.exidx) refers to rtexit2.o(.ARM.Collect$$rtexit$$00000003) for .ARM.Collect$$rtexit$$00000003
    rtexit2.o(.ARM.exidx) refers to rtexit2.o(.ARM.Collect$$rtexit$$00000004) for .ARM.Collect$$rtexit$$00000004
    __raise.o(.text) refers to defsig.o(CL$$defsig) for __default_signal_handler
    defsig_general.o(.text) refers to sys_wrch.o(.text) for _ttywrch
    sys_wrch.o(.text) refers (Special) to use_no_semi.o(.text) for __I$use$semihosting
    sys_wrch.o(.text) refers (Special) to indicate_semi.o(.text) for __semihosting_library_function
    sys_wrch_hlt.o(.text) refers (Special) to use_no_semi.o(.text) for __I$use$semihosting
    sys_wrch_hlt.o(.text) refers (Special) to indicate_semi.o(.text) for __semihosting_library_function
    defsig.o(CL$$defsig) refers to defsig_fpe_inner.o(.text) for __rt_SIGFPE_inner
    defsig.o(CL$$defsig) refers to defsig_rtmem_inner.o(.text) for __rt_SIGRTMEM_inner
    _get_argv_nomalloc.o(.text) refers (Special) to hrguard.o(.text) for __heap_region$guard
    _get_argv_nomalloc.o(.text) refers to defsig_rtmem_outer.o(.text) for __rt_SIGRTMEM
    _get_argv_nomalloc.o(.text) refers to sys_command.o(.text) for _sys_command_string
    libshutdown.o(.ARM.Collect$$libshutdown$$00000000) refers (Special) to libshutdown2.o(.ARM.Collect$$libshutdown$$00000002) for __rt_lib_shutdown_cpp_1
    libshutdown.o(.ARM.Collect$$libshutdown$$00000000) refers (Special) to libshutdown2.o(.ARM.Collect$$libshutdown$$00000007) for __rt_lib_shutdown_fp_trap_1
    libshutdown.o(.ARM.Collect$$libshutdown$$00000000) refers (Special) to libshutdown2.o(.ARM.Collect$$libshutdown$$0000000F) for __rt_lib_shutdown_heap_1
    libshutdown.o(.ARM.Collect$$libshutdown$$00000000) refers (Special) to libshutdown2.o(.ARM.Collect$$libshutdown$$00000010) for __rt_lib_shutdown_return
    libshutdown.o(.ARM.Collect$$libshutdown$$00000000) refers (Special) to libshutdown2.o(.ARM.Collect$$libshutdown$$0000000A) for __rt_lib_shutdown_signal_1
    libshutdown.o(.ARM.Collect$$libshutdown$$00000000) refers (Special) to libshutdown2.o(.ARM.Collect$$libshutdown$$00000004) for __rt_lib_shutdown_stdio_1
    libshutdown.o(.ARM.Collect$$libshutdown$$00000000) refers (Special) to libshutdown2.o(.ARM.Collect$$libshutdown$$0000000C) for __rt_lib_shutdown_user_alloc_1
    sys_command.o(.text) refers (Special) to use_no_semi.o(.text) for __I$use$semihosting
    sys_command.o(.text) refers (Special) to indicate_semi.o(.text) for __semihosting_library_function
    sys_command_hlt.o(.text) refers (Special) to use_no_semi.o(.text) for __I$use$semihosting
    sys_command_hlt.o(.text) refers (Special) to indicate_semi.o(.text) for __semihosting_library_function
    defsig_abrt_inner.o(.text) refers to defsig_general.o(.text) for __default_signal_display
    defsig_rtred_inner.o(.text) refers to defsig_general.o(.text) for __default_signal_display
    defsig_rtmem_inner.o(.text) refers to defsig_general.o(.text) for __default_signal_display
    defsig_rtmem_outer.o(.text) refers to defsig_rtmem_inner.o(.text) for __rt_SIGRTMEM_inner
    defsig_rtmem_outer.o(.text) refers to defsig_exit.o(.text) for __sig_exit
    defsig_rtmem_formal.o(.text) refers to rt_raise.o(.text) for __rt_raise
    defsig_stak_inner.o(.text) refers to defsig_general.o(.text) for __default_signal_display
    defsig_pvfn_inner.o(.text) refers to defsig_general.o(.text) for __default_signal_display
    defsig_cppl_inner.o(.text) refers to defsig_general.o(.text) for __default_signal_display
    defsig_segv_inner.o(.text) refers to defsig_general.o(.text) for __default_signal_display
    defsig_other.o(.text) refers to defsig_general.o(.text) for __default_signal_display


==============================================================================

Removing Unused input sections from the image.

    Removing main.o(.text), (0 bytes).
    Removing main.o(.ARM.exidx.text.isInside), (8 bytes).
    Removing main.o(.ARM.exidx.text.main), (8 bytes).
    Removing main.o(.ARM.exidx.text.initClock), (8 bytes).
    Removing main.o(.ARM.exidx.text.initSysTick), (8 bytes).
    Removing main.o(.ARM.exidx.text.pinMode), (8 bytes).
    Removing main.o(.ARM.exidx.text.enablePullUp), (8 bytes).
    Removing main.o(.ARM.exidx.text.delay), (8 bytes).
    Removing main.o(.ARM.exidx.text.DrawMaze), (8 bytes).
    Removing main.o(.ARM.exidx.text.initTimer), (8 bytes).
    Removing main.o(.ARM.exidx.text.playNote), (8 bytes).
    Removing main.o(.ARM.exidx.text.pluscoin), (8 bytes).
    Removing main.o(.ARM.exidx.text.minuslife), (8 bytes).
    Removing main.o(.ARM.exidx.text.SysTick_Handler), (8 bytes).
    Removing main.o(.ARM.exidx.text.power_saving_delay), (8 bytes).
    Removing main.o(.ARM.use_no_argv), (4 bytes).
    Removing display.o(.text), (0 bytes).
    Removing display.o(.ARM.exidx.text.display_begin), (8 bytes).
    Removing display.o(.ARM.exidx.text.initSPI), (8 bytes).
    Removing display.o(.ARM.exidx.text.CSHigh), (8 bytes).
    Removing display.o(.ARM.exidx.text.ResetHigh), (8 bytes).
    Removing display.o(.ARM.exidx.text.ResetLow), (8 bytes).
    Removing display.o(.ARM.exidx.text.CSLow), (8 bytes).
    Removing display.o(.ARM.exidx.text.command), (8 bytes).
    Removing display.o(.ARM.exidx.text.data), (8 bytes).
    Removing display.o(.ARM.exidx.text.fillRectangle), (8 bytes).
    Removing display.o(.ARM.exidx.text.openAperture), (8 bytes).
    Removing display.o(.ARM.exidx.text.DCHigh), (8 bytes).
    Removing display.o(.ARM.exidx.text.transferSPI16), (8 bytes).
    Removing display.o(.text.putPixel), (28 bytes).
    Removing display.o(.ARM.exidx.text.putPixel), (8 bytes).
    Removing display.o(.ARM.exidx.text.putImage), (8 bytes).
    Removing display.o(.text.drawLine), (102 bytes).
    Removing display.o(.ARM.exidx.text.drawLine), (8 bytes).
    Removing display.o(.text.iabs), (8 bytes).
    Removing display.o(.ARM.exidx.text.iabs), (8 bytes).
    Removing display.o(.text.drawLineLowSlope), (102 bytes).
    Removing display.o(.ARM.exidx.text.drawLineLowSlope), (8 bytes).
    Removing display.o(.text.drawLineHighSlope), (102 bytes).
    Removing display.o(.ARM.exidx.text.drawLineHighSlope), (8 bytes).
    Removing display.o(.text.drawRectangle), (86 bytes).
    Removing display.o(.ARM.exidx.text.drawRectangle), (8 bytes).
    Removing display.o(.text.drawCircle), (282 bytes).
    Removing display.o(.ARM.exidx.text.drawCircle), (8 bytes).
    Removing display.o(.text.fillCircle), (242 bytes).
    Removing display.o(.ARM.exidx.text.fillCircle), (8 bytes).
    Removing display.o(.ARM.exidx.text.printText), (8 bytes).
    Removing display.o(.ARM.exidx.text.mystrlen), (8 bytes).
    Removing display.o(.ARM.exidx.text.printTextX2), (8 bytes).
    Removing display.o(.text.printNumber), (128 bytes).
    Removing display.o(.ARM.exidx.text.printNumber), (8 bytes).
    Removing display.o(.text.printNumberX2), (128 bytes).
    Removing display.o(.ARM.exidx.text.printNumberX2), (8 bytes).
    Removing display.o(.ARM.exidx.text.RGBToWord), (8 bytes).
    Removing display.o(.text.clear), (22 bytes).
    Removing display.o(.ARM.exidx.text.clear), (8 bytes).
    Removing display.o(.ARM.exidx.text.transferSPI8), (8 bytes).
    Removing display.o(.ARM.exidx.text.DCLow), (8 bytes).
    Removing system_stm32f0xx.o(.text), (0 bytes).
    Removing system_stm32f0xx.o(.ARM.exidx.text.SystemInit), (8 bytes).
    Removing system_stm32f0xx.o(.text.SystemCoreClockUpdate), (96 bytes).
    Removing system_stm32f0xx.o(.ARM.exidx.text.SystemCoreClockUpdate), (8 bytes).
    Removing system_stm32f0xx.o(.data.SystemCoreClock), (4 bytes).
    Removing system_stm32f0xx.o(.rodata.AHBPrescTable), (16 bytes).
    Removing system_stm32f0xx.o(.rodata.APBPrescTable), (8 bytes).

65 unused section(s) (total 1726 bytes) removed from the image.

==============================================================================

Image Symbol Table

    Local Symbols

    Symbol Name                              Value     Ov Type        Size  Object(Section)

    ../clib/angel/boardlib.s                 0x00000000   Number         0  boardinit1.o ABSOLUTE
    ../clib/angel/boardlib.s                 0x00000000   Number         0  boardinit2.o ABSOLUTE
    ../clib/angel/boardlib.s                 0x00000000   Number         0  boardinit3.o ABSOLUTE
    ../clib/angel/boardlib.s                 0x00000000   Number         0  boardshut.o ABSOLUTE
    ../clib/angel/handlers.s                 0x00000000   Number         0  __scatter_zi.o ABSOLUTE
    ../clib/angel/kernel.s                   0x00000000   Number         0  __rtentry.o ABSOLUTE
    ../clib/angel/kernel.s                   0x00000000   Number         0  __rtentry2.o ABSOLUTE
    ../clib/angel/kernel.s                   0x00000000   Number         0  __rtentry4.o ABSOLUTE
    ../clib/angel/kernel.s                   0x00000000   Number         0  rtexit.o ABSOLUTE
    ../clib/angel/kernel.s                   0x00000000   Number         0  rtexit2.o ABSOLUTE
    ../clib/angel/rt.s                       0x00000000   Number         0  aeabi_idiv0.o ABSOLUTE
    ../clib/angel/rt.s                       0x00000000   Number         0  aeabi_idiv0_sigfpe.o ABSOLUTE
    ../clib/angel/rt.s                       0x00000000   Number         0  rt_div0.o ABSOLUTE
    ../clib/angel/rt.s                       0x00000000   Number         0  rt_raise.o ABSOLUTE
    ../clib/angel/scatterp.s                 0x00000000   Number         0  __scatter.o ABSOLUTE
    ../clib/angel/startup.s                  0x00000000   Number         0  __main.o ABSOLUTE
    ../clib/angel/sys.s                      0x00000000   Number         0  sys_stackheap_outer.o ABSOLUTE
    ../clib/angel/sys.s                      0x00000000   Number         0  libspace.o ABSOLUTE
    ../clib/angel/sys.s                      0x00000000   Number         0  tempstk.o ABSOLUTE
    ../clib/angel/sys.s                      0x00000000   Number         0  use_no_semi.o ABSOLUTE
    ../clib/angel/sys.s                      0x00000000   Number         0  indicate_semi.o ABSOLUTE
    ../clib/angel/sysapp.c                   0x00000000   Number         0  sys_exit.o ABSOLUTE
    ../clib/angel/sysapp.c                   0x00000000   Number         0  sys_exit_hlt.o ABSOLUTE
    ../clib/angel/sysapp.c                   0x00000000   Number         0  sys_wrch.o ABSOLUTE
    ../clib/angel/sysapp.c                   0x00000000   Number         0  sys_wrch_hlt.o ABSOLUTE
    ../clib/angel/sysapp.c                   0x00000000   Number         0  sys_command.o ABSOLUTE
    ../clib/angel/sysapp.c                   0x00000000   Number         0  sys_command_hlt.o ABSOLUTE
    ../clib/armsys.c                         0x00000000   Number         0  argv_veneer.o ABSOLUTE
    ../clib/armsys.c                         0x00000000   Number         0  _get_argv_nomalloc.o ABSOLUTE
    ../clib/armsys.c                         0x00000000   Number         0  no_argv.o ABSOLUTE
    ../clib/division.s                       0x00000000   Number         0  aeabi_sdivfast.o ABSOLUTE
    ../clib/division.s                       0x00000000   Number         0  aeabi_sdivfast_div0.o ABSOLUTE
    ../clib/heapalloc.c                      0x00000000   Number         0  hrguard.o ABSOLUTE
    ../clib/heapaux.c                        0x00000000   Number         0  heapauxi.o ABSOLUTE
    ../clib/libinit.s                        0x00000000   Number         0  libinit.o ABSOLUTE
    ../clib/libinit.s                        0x00000000   Number         0  libinit2.o ABSOLUTE
    ../clib/libinit.s                        0x00000000   Number         0  libshutdown.o ABSOLUTE
    ../clib/libinit.s                        0x00000000   Number         0  libshutdown2.o ABSOLUTE
    ../clib/signal.c                         0x00000000   Number         0  defsig_fpe_outer.o ABSOLUTE
    ../clib/signal.c                         0x00000000   Number         0  defsig_fpe_formal.o ABSOLUTE
    ../clib/signal.c                         0x00000000   Number         0  defsig_exit.o ABSOLUTE
    ../clib/signal.c                         0x00000000   Number         0  defsig_fpe_inner.o ABSOLUTE
    ../clib/signal.c                         0x00000000   Number         0  __raise.o ABSOLUTE
    ../clib/signal.c                         0x00000000   Number         0  defsig_general.o ABSOLUTE
    ../clib/signal.c                         0x00000000   Number         0  defsig_abrt_inner.o ABSOLUTE
    ../clib/signal.c                         0x00000000   Number         0  defsig_rtred_inner.o ABSOLUTE
    ../clib/signal.c                         0x00000000   Number         0  defsig_rtmem_inner.o ABSOLUTE
    ../clib/signal.c                         0x00000000   Number         0  defsig_rtmem_outer.o ABSOLUTE
    ../clib/signal.c                         0x00000000   Number         0  defsig_rtmem_formal.o ABSOLUTE
    ../clib/signal.c                         0x00000000   Number         0  defsig_stak_inner.o ABSOLUTE
    ../clib/signal.c                         0x00000000   Number         0  defsig_pvfn_inner.o ABSOLUTE
    ../clib/signal.c                         0x00000000   Number         0  defsig_cppl_inner.o ABSOLUTE
    ../clib/signal.c                         0x00000000   Number         0  defsig_segv_inner.o ABSOLUTE
    ../clib/signal.c                         0x00000000   Number         0  defsig_other.o ABSOLUTE
    ../clib/signal.s                         0x00000000   Number         0  defsig.o ABSOLUTE
    ../clib/stdlib.c                         0x00000000   Number         0  exit.o ABSOLUTE
    ../fplib/cfplib/fpinit.c                 0x00000000   Number         0  fpinit.o ABSOLUTE
    RTE/Device/STM32F031K6Tx/startup_stm32f031x6.s 0x00000000   Number         0  startup_stm32f031x6.o ABSOLUTE
    dc.s                                     0x00000000   Number         0  dc.o ABSOLUTE
    display.c                                0x00000000   Number         0  display.o ABSOLUTE
    main.c                                   0x00000000   Number         0  main.o ABSOLUTE
    system_stm32f0xx.c                       0x00000000   Number         0  system_stm32f0xx.o ABSOLUTE
    RESET                                    0x08000000   Section      176  startup_stm32f031x6.o(RESET)
    !!!main                                  0x080000b0   Section        8  __main.o(!!!main)
    !!!scatter                               0x080000b8   Section       60  __scatter.o(!!!scatter)
    !!handler_zi                             0x080000f4   Section       28  __scatter_zi.o(!!handler_zi)
    .ARM.Collect$$libinit$$00000000          0x08000110   Section        2  libinit.o(.ARM.Collect$$libinit$$00000000)
    .ARM.Collect$$libinit$$00000002          0x08000112   Section        0  libinit2.o(.ARM.Collect$$libinit$$00000002)
    .ARM.Collect$$libinit$$00000004          0x08000112   Section        0  libinit2.o(.ARM.Collect$$libinit$$00000004)
    .ARM.Collect$$libinit$$0000000A          0x08000112   Section        0  libinit2.o(.ARM.Collect$$libinit$$0000000A)
    .ARM.Collect$$libinit$$0000000C          0x08000112   Section        0  libinit2.o(.ARM.Collect$$libinit$$0000000C)
    .ARM.Collect$$libinit$$0000000E          0x08000112   Section        0  libinit2.o(.ARM.Collect$$libinit$$0000000E)
    .ARM.Collect$$libinit$$00000011          0x08000112   Section        0  libinit2.o(.ARM.Collect$$libinit$$00000011)
    .ARM.Collect$$libinit$$00000013          0x08000112   Section        0  libinit2.o(.ARM.Collect$$libinit$$00000013)
    .ARM.Collect$$libinit$$00000015          0x08000112   Section        0  libinit2.o(.ARM.Collect$$libinit$$00000015)
    .ARM.Collect$$libinit$$00000017          0x08000112   Section        0  libinit2.o(.ARM.Collect$$libinit$$00000017)
    .ARM.Collect$$libinit$$00000019          0x08000112   Section        0  libinit2.o(.ARM.Collect$$libinit$$00000019)
    .ARM.Collect$$libinit$$0000001B          0x08000112   Section        0  libinit2.o(.ARM.Collect$$libinit$$0000001B)
    .ARM.Collect$$libinit$$0000001D          0x08000112   Section        0  libinit2.o(.ARM.Collect$$libinit$$0000001D)
    .ARM.Collect$$libinit$$0000001F          0x08000112   Section        0  libinit2.o(.ARM.Collect$$libinit$$0000001F)
    .ARM.Collect$$libinit$$00000021          0x08000112   Section        0  libinit2.o(.ARM.Collect$$libinit$$00000021)
    .ARM.Collect$$libinit$$00000023          0x08000112   Section        0  libinit2.o(.ARM.Collect$$libinit$$00000023)
    .ARM.Collect$$libinit$$00000025          0x08000112   Section        0  libinit2.o(.ARM.Collect$$libinit$$00000025)
    .ARM.Collect$$libinit$$0000002C          0x08000112   Section        0  libinit2.o(.ARM.Collect$$libinit$$0000002C)
    .ARM.Collect$$libinit$$0000002E          0x08000112   Section        0  libinit2.o(.ARM.Collect$$libinit$$0000002E)
    .ARM.Collect$$libinit$$00000030          0x08000112   Section        0  libinit2.o(.ARM.Collect$$libinit$$00000030)
    .ARM.Collect$$libinit$$00000032          0x08000112   Section        0  libinit2.o(.ARM.Collect$$libinit$$00000032)
    .ARM.Collect$$libinit$$00000033          0x08000112   Section        2  libinit2.o(.ARM.Collect$$libinit$$00000033)
    .ARM.Collect$$libshutdown$$00000000      0x08000114   Section        2  libshutdown.o(.ARM.Collect$$libshutdown$$00000000)
    .ARM.Collect$$libshutdown$$00000002      0x08000116   Section        0  libshutdown2.o(.ARM.Collect$$libshutdown$$00000002)
    .ARM.Collect$$libshutdown$$00000004      0x08000116   Section        0  libshutdown2.o(.ARM.Collect$$libshutdown$$00000004)
    .ARM.Collect$$libshutdown$$00000007      0x08000116   Section        0  libshutdown2.o(.ARM.Collect$$libshutdown$$00000007)
    .ARM.Collect$$libshutdown$$0000000A      0x08000116   Section        0  libshutdown2.o(.ARM.Collect$$libshutdown$$0000000A)
    .ARM.Collect$$libshutdown$$0000000C      0x08000116   Section        0  libshutdown2.o(.ARM.Collect$$libshutdown$$0000000C)
    .ARM.Collect$$libshutdown$$0000000F      0x08000116   Section        0  libshutdown2.o(.ARM.Collect$$libshutdown$$0000000F)
    .ARM.Collect$$libshutdown$$00000010      0x08000116   Section        2  libshutdown2.o(.ARM.Collect$$libshutdown$$00000010)
    .ARM.Collect$$rtentry$$00000000          0x08000118   Section        0  __rtentry.o(.ARM.Collect$$rtentry$$00000000)
    .ARM.Collect$$rtentry$$00000002          0x08000118   Section        0  __rtentry2.o(.ARM.Collect$$rtentry$$00000002)
    .ARM.Collect$$rtentry$$00000004          0x08000118   Section        6  __rtentry4.o(.ARM.Collect$$rtentry$$00000004)
    .ARM.Collect$$rtentry$$00000009          0x0800011e   Section        0  __rtentry2.o(.ARM.Collect$$rtentry$$00000009)
    .ARM.Collect$$rtentry$$0000000A          0x0800011e   Section        4  __rtentry2.o(.ARM.Collect$$rtentry$$0000000A)
    .ARM.Collect$$rtentry$$0000000C          0x08000122   Section        0  __rtentry2.o(.ARM.Collect$$rtentry$$0000000C)
    .ARM.Collect$$rtentry$$0000000D          0x08000122   Section        8  __rtentry2.o(.ARM.Collect$$rtentry$$0000000D)
    .ARM.Collect$$rtexit$$00000000           0x0800012a   Section        2  rtexit.o(.ARM.Collect$$rtexit$$00000000)
    .ARM.Collect$$rtexit$$00000002           0x0800012c   Section        0  rtexit2.o(.ARM.Collect$$rtexit$$00000002)
    .ARM.Collect$$rtexit$$00000003           0x0800012c   Section        4  rtexit2.o(.ARM.Collect$$rtexit$$00000003)
    .ARM.Collect$$rtexit$$00000004           0x08000130   Section        6  rtexit2.o(.ARM.Collect$$rtexit$$00000004)
    .text                                    0x08000138   Section       56  startup_stm32f031x6.o(.text)
    .text                                    0x08000170   Section        0  heapauxi.o(.text)
    .text                                    0x08000176   Section       62  sys_stackheap_outer.o(.text)
    .text                                    0x080001b4   Section        0  exit.o(.text)
    .text                                    0x080001c4   Section        8  libspace.o(.text)
    .text                                    0x080001cc   Section        0  sys_exit.o(.text)
    .text                                    0x080001d8   Section        2  use_no_semi.o(.text)
    .text                                    0x080001da   Section        0  indicate_semi.o(.text)
    CSHigh                                   0x080001dd   Thumb Code    12  display.o(.text.CSHigh)
    [Anonymous Symbol]                       0x080001dc   Section        0  display.o(.text.CSHigh)
    CSLow                                    0x080001e9   Thumb Code    12  display.o(.text.CSLow)
    [Anonymous Symbol]                       0x080001e8   Section        0  display.o(.text.CSLow)
    DCHigh                                   0x080001f5   Thumb Code    12  display.o(.text.DCHigh)
    [Anonymous Symbol]                       0x080001f4   Section        0  display.o(.text.DCHigh)
    DCLow                                    0x08000201   Thumb Code    12  display.o(.text.DCLow)
    [Anonymous Symbol]                       0x08000200   Section        0  display.o(.text.DCLow)
    [Anonymous Symbol]                       0x0800020c   Section        0  main.o(.text.DrawMaze)
    [Anonymous Symbol]                       0x0800053c   Section        0  display.o(.text.RGBToWord)
    ResetHigh                                0x08000555   Thumb Code    12  display.o(.text.ResetHigh)
    [Anonymous Symbol]                       0x08000554   Section        0  display.o(.text.ResetHigh)
    ResetLow                                 0x08000561   Thumb Code    16  display.o(.text.ResetLow)
    [Anonymous Symbol]                       0x08000560   Section        0  display.o(.text.ResetLow)
    __arm_cp.4_0                             0x0800056c   Number         4  display.o(.text.ResetLow)
    [Anonymous Symbol]                       0x08000570   Section        0  main.o(.text.SysTick_Handler)
    [Anonymous Symbol]                       0x0800057c   Section        0  system_stm32f0xx.o(.text.SystemInit)
    command                                  0x0800057f   Thumb Code    16  display.o(.text.command)
    [Anonymous Symbol]                       0x0800057e   Section        0  display.o(.text.command)
    data                                     0x0800058f   Thumb Code    16  display.o(.text.data)
    [Anonymous Symbol]                       0x0800058e   Section        0  display.o(.text.data)
    [Anonymous Symbol]                       0x080005a0   Section        0  main.o(.text.delay)
    __arm_cp.6_0                             0x080005c0   Number         4  main.o(.text.delay)
    [Anonymous Symbol]                       0x080005c4   Section        0  display.o(.text.display_begin)
    __arm_cp.0_0                             0x080007d4   Number         4  display.o(.text.display_begin)
    [Anonymous Symbol]                       0x080007d8   Section        0  main.o(.text.enablePullUp)
    [Anonymous Symbol]                       0x080007f0   Section        0  display.o(.text.fillRectangle)
    [Anonymous Symbol]                       0x08000820   Section        0  main.o(.text.initClock)
    __arm_cp.2_0                             0x0800087c   Number         4  main.o(.text.initClock)
    __arm_cp.2_1                             0x08000880   Number         4  main.o(.text.initClock)
    initSPI                                  0x08000885   Thumb Code    88  display.o(.text.initSPI)
    [Anonymous Symbol]                       0x08000884   Section        0  display.o(.text.initSPI)
    __arm_cp.1_0                             0x080008cc   Number         4  display.o(.text.initSPI)
    __arm_cp.1_1                             0x080008d0   Number         4  display.o(.text.initSPI)
    __arm_cp.1_2                             0x080008d4   Number         4  display.o(.text.initSPI)
    __arm_cp.1_3                             0x080008d8   Number         4  display.o(.text.initSPI)
    [Anonymous Symbol]                       0x080008dc   Section        0  main.o(.text.initSysTick)
    __arm_cp.3_0                             0x080008f0   Number         4  main.o(.text.initSysTick)
    __arm_cp.3_1                             0x080008f4   Number         4  main.o(.text.initSysTick)
    [Anonymous Symbol]                       0x080008f8   Section        0  main.o(.text.initTimer)
    __arm_cp.8_0                             0x08000958   Number         4  main.o(.text.initTimer)
    __arm_cp.8_1                             0x0800095c   Number         4  main.o(.text.initTimer)
    __arm_cp.8_2                             0x08000960   Number         4  main.o(.text.initTimer)
    __arm_cp.8_3                             0x08000964   Number         4  main.o(.text.initTimer)
    [Anonymous Symbol]                       0x08000968   Section        0  main.o(.text.isInside)
    [Anonymous Symbol]                       0x080009b4   Section        0  main.o(.text.main)
    __arm_cp.1_35                            0x08000dbc   Number         4  main.o(.text.main)
    __arm_cp.1_45                            0x08000e10   Number         4  main.o(.text.main)
    __arm_cp.1_54                            0x08000e78   Number         4  main.o(.text.main)
    __arm_cp.1_55                            0x08000e7c   Number         4  main.o(.text.main)
    __arm_cp.1_56                            0x08000e80   Number         4  main.o(.text.main)
    __arm_cp.1_58                            0x08000e88   Number         4  main.o(.text.main)
    __arm_cp.1_60                            0x08001128   Number         4  main.o(.text.main)
    __arm_cp.1_61                            0x0800112c   Number         4  main.o(.text.main)
    __arm_cp.1_62                            0x08001130   Number         4  main.o(.text.main)
    __arm_cp.1_63                            0x08001134   Number         4  main.o(.text.main)
    __arm_cp.1_64                            0x08001138   Number         4  main.o(.text.main)
    __arm_cp.1_65                            0x0800113c   Number         4  main.o(.text.main)
    __arm_cp.1_66                            0x08001140   Number         4  main.o(.text.main)
    __arm_cp.1_1                             0x08002a98   Number         4  main.o(.text.main)
    __arm_cp.1_2                             0x08002a9c   Number         4  main.o(.text.main)
    __arm_cp.1_3                             0x08002aa0   Number         4  main.o(.text.main)
    __arm_cp.1_4                             0x08002aa4   Number         4  main.o(.text.main)
    __arm_cp.1_5                             0x08002aa8   Number         4  main.o(.text.main)
    __arm_cp.1_6                             0x08002aac   Number         4  main.o(.text.main)
    __arm_cp.1_7                             0x08002ab0   Number         4  main.o(.text.main)
    __arm_cp.1_8                             0x08002ab4   Number         4  main.o(.text.main)
    __arm_cp.1_9                             0x08002ab8   Number         4  main.o(.text.main)
    __arm_cp.1_22                            0x08002abc   Number         4  main.o(.text.main)
    __arm_cp.1_29                            0x08002ac0   Number         4  main.o(.text.main)
    __arm_cp.1_30                            0x08002ac4   Number         4  main.o(.text.main)
    [Anonymous Symbol]                       0x08002ad4   Section        0  main.o(.text.minuslife)
    mystrlen                                 0x08002b4d   Thumb Code    24  display.o(.text.mystrlen)
    [Anonymous Symbol]                       0x08002b4c   Section        0  display.o(.text.mystrlen)
    openAperture                             0x08002b65   Thumb Code    82  display.o(.text.openAperture)
    [Anonymous Symbol]                       0x08002b64   Section        0  display.o(.text.openAperture)
    [Anonymous Symbol]                       0x08002bb6   Section        0  main.o(.text.pinMode)
    [Anonymous Symbol]                       0x08002bc8   Section        0  main.o(.text.playNote)
    __arm_cp.9_0                             0x08002c18   Number         4  main.o(.text.playNote)
    __arm_cp.9_1                             0x08002c1c   Number         4  main.o(.text.playNote)
    [Anonymous Symbol]                       0x08002c20   Section        0  main.o(.text.pluscoin)
    [Anonymous Symbol]                       0x08002c98   Section        0  main.o(.text.power_saving_delay)
    __arm_cp.13_0                            0x08002cb0   Number         4  main.o(.text.power_saving_delay)
    [Anonymous Symbol]                       0x08002cb4   Section        0  display.o(.text.printText)
    [Anonymous Symbol]                       0x08002d48   Section        0  display.o(.text.printTextX2)
    __arm_cp.23_0                            0x08002de0   Number         4  display.o(.text.printTextX2)
    [Anonymous Symbol]                       0x08002de4   Section        0  display.o(.text.putImage)
    transferSPI16                            0x08002f0d   Thumb Code    36  display.o(.text.transferSPI16)
    [Anonymous Symbol]                       0x08002f0c   Section        0  display.o(.text.transferSPI16)
    transferSPI8                             0x08002f31   Thumb Code    44  display.o(.text.transferSPI8)
    [Anonymous Symbol]                       0x08002f30   Section        0  display.o(.text.transferSPI8)
    __arm_cp.28_0                            0x08002f54   Number         4  display.o(.text.transferSPI8)
    __arm_cp.28_1                            0x08002f58   Number         4  display.o(.text.transferSPI8)
    .text_divfast                            0x08002f5c   Section      502  aeabi_sdivfast.o(.text_divfast)
    Font5x7                                  0x08003152   Data         480  display.o(.rodata.Font5x7)
    [Anonymous Symbol]                       0x08003152   Section        0  display.o(.rodata.Font5x7)
    coin                                     0x08003332   Data         288  main.o(.rodata.coin)
    [Anonymous Symbol]                       0x08003332   Section        0  main.o(.rodata.coin)
    coinhud                                  0x08003452   Data         288  main.o(.rodata.coinhud)
    [Anonymous Symbol]                       0x08003452   Section        0  main.o(.rodata.coinhud)
    jeff1                                    0x08003572   Data         224  main.o(.rodata.jeff1)
    [Anonymous Symbol]                       0x08003572   Section        0  main.o(.rodata.jeff1)
    jeff2                                    0x08003652   Data         224  main.o(.rodata.jeff2)
    [Anonymous Symbol]                       0x08003652   Section        0  main.o(.rodata.jeff2)
    jeff3                                    0x08003732   Data         224  main.o(.rodata.jeff3)
    [Anonymous Symbol]                       0x08003732   Section        0  main.o(.rodata.jeff3)
    lever                                    0x08003812   Data         120  main.o(.rodata.lever)
    [Anonymous Symbol]                       0x08003812   Section        0  main.o(.rodata.lever)
    lever2                                   0x0800388a   Data         120  main.o(.rodata.lever2)
    [Anonymous Symbol]                       0x0800388a   Section        0  main.o(.rodata.lever2)
    .L.str.5                                 0x08003902   Data           2  main.o(.rodata.str1.1)
    [Anonymous Symbol]                       0x08003902   Section        0  main.o(.rodata.str1.1)
    .L.str.7                                 0x08003904   Data          10  main.o(.rodata.str1.1)
    .L.str.4                                 0x0800390e   Data          10  main.o(.rodata.str1.1)
    .L.str.2                                 0x08003918   Data          14  main.o(.rodata.str1.1)
    .L.str.3                                 0x08003926   Data          17  main.o(.rodata.str1.1)
    .L.str.1                                 0x08003937   Data           5  main.o(.rodata.str1.1)
    .L.str                                   0x0800393c   Data           9  main.o(.rodata.str1.1)
    .L.str.6                                 0x08003945   Data          16  main.o(.rodata.str1.1)
    win                                      0x08003956   Data         384  main.o(.rodata.win)
    [Anonymous Symbol]                       0x08003956   Section        0  main.o(.rodata.win)
    .bss                                     0x20000000   Section       96  libspace.o(.bss)
    milliseconds                             0x20000060   Data           4  main.o(.bss.milliseconds)
    [Anonymous Symbol]                       0x20000060   Section        0  main.o(.bss.milliseconds)
    Heap_Mem                                 0x20000068   Data         512  startup_stm32f031x6.o(HEAP)
    HEAP                                     0x20000068   Section      512  startup_stm32f031x6.o(HEAP)
    Stack_Mem                                0x20000268   Data        1024  startup_stm32f031x6.o(STACK)
    STACK                                    0x20000268   Section     1024  startup_stm32f031x6.o(STACK)
    __initial_sp                             0x20000668   Data           0  startup_stm32f031x6.o(STACK)

    Global Symbols

    Symbol Name                              Value     Ov Type        Size  Object(Section)

    BuildAttributes$$THM_ISAv3M$S$PE$A:L22$X:L11$S22$IEEE1$IW$~IW$USESV6$~STKCKD$USESV7$~SHL$OTIME$ROPI$EBA8$UX$STANDARDLIB$REQ8$PRES8$EABIv2 0x00000000   Number         0  anon$$obj.o ABSOLUTE
    __ARM_exceptions_init                     - Undefined Weak Reference
    __alloca_initialize                       - Undefined Weak Reference
    __arm_preinit_                            - Undefined Weak Reference
    __cpp_initialize__aeabi_                  - Undefined Weak Reference
    __cxa_finalize                            - Undefined Weak Reference
    __rt_locale                               - Undefined Weak Reference
    __sigvec_lookup                           - Undefined Weak Reference
    _atexit_init                              - Undefined Weak Reference
    _call_atexit_fns                          - Undefined Weak Reference
    _clock_init                               - Undefined Weak Reference
    _fp_trap_init                             - Undefined Weak Reference
    _fp_trap_shutdown                         - Undefined Weak Reference
    _get_lc_collate                           - Undefined Weak Reference
    _get_lc_ctype                             - Undefined Weak Reference
    _get_lc_monetary                          - Undefined Weak Reference
    _get_lc_numeric                           - Undefined Weak Reference
    _get_lc_time                              - Undefined Weak Reference
    _getenv_init                              - Undefined Weak Reference
    _handle_redirection                       - Undefined Weak Reference
    _init_alloc                               - Undefined Weak Reference
    _init_user_alloc                          - Undefined Weak Reference
    _initio                                   - Undefined Weak Reference
    _rand_init                                - Undefined Weak Reference
    _signal_finish                            - Undefined Weak Reference
    _signal_init                              - Undefined Weak Reference
    _terminate_alloc                          - Undefined Weak Reference
    _terminate_user_alloc                     - Undefined Weak Reference
    _terminateio                              - Undefined Weak Reference
    __Vectors_Size                           0x000000b0   Number         0  startup_stm32f031x6.o ABSOLUTE
    __Vectors                                0x08000000   Data           4  startup_stm32f031x6.o(RESET)
    __Vectors_End                            0x080000b0   Data           0  startup_stm32f031x6.o(RESET)
    __main                                   0x080000b1   Thumb Code     8  __main.o(!!!main)
    __scatterload                            0x080000b9   Thumb Code     0  __scatter.o(!!!scatter)
    __scatterload_rt2                        0x080000b9   Thumb Code    52  __scatter.o(!!!scatter)
    __scatterload_rt2_thumb_only             0x080000b9   Thumb Code     0  __scatter.o(!!!scatter)
    __scatterload_null                       0x080000c9   Thumb Code     0  __scatter.o(!!!scatter)
    __scatterload_zeroinit                   0x080000f5   Thumb Code    28  __scatter_zi.o(!!handler_zi)
    __rt_lib_init                            0x08000111   Thumb Code     0  libinit.o(.ARM.Collect$$libinit$$00000000)
    __rt_lib_init_alloca_1                   0x08000113   Thumb Code     0  libinit2.o(.ARM.Collect$$libinit$$0000002E)
    __rt_lib_init_argv_1                     0x08000113   Thumb Code     0  libinit2.o(.ARM.Collect$$libinit$$0000002C)
    __rt_lib_init_atexit_1                   0x08000113   Thumb Code     0  libinit2.o(.ARM.Collect$$libinit$$0000001B)
    __rt_lib_init_clock_1                    0x08000113   Thumb Code     0  libinit2.o(.ARM.Collect$$libinit$$00000021)
    __rt_lib_init_cpp_1                      0x08000113   Thumb Code     0  libinit2.o(.ARM.Collect$$libinit$$00000032)
    __rt_lib_init_exceptions_1               0x08000113   Thumb Code     0  libinit2.o(.ARM.Collect$$libinit$$00000030)
    __rt_lib_init_fp_1                       0x08000113   Thumb Code     0  libinit2.o(.ARM.Collect$$libinit$$00000002)
    __rt_lib_init_fp_trap_1                  0x08000113   Thumb Code     0  libinit2.o(.ARM.Collect$$libinit$$0000001F)
    __rt_lib_init_getenv_1                   0x08000113   Thumb Code     0  libinit2.o(.ARM.Collect$$libinit$$00000023)
    __rt_lib_init_heap_1                     0x08000113   Thumb Code     0  libinit2.o(.ARM.Collect$$libinit$$0000000A)
    __rt_lib_init_lc_collate_1               0x08000113   Thumb Code     0  libinit2.o(.ARM.Collect$$libinit$$00000011)
    __rt_lib_init_lc_ctype_1                 0x08000113   Thumb Code     0  libinit2.o(.ARM.Collect$$libinit$$00000013)
    __rt_lib_init_lc_monetary_1              0x08000113   Thumb Code     0  libinit2.o(.ARM.Collect$$libinit$$00000015)
    __rt_lib_init_lc_numeric_1               0x08000113   Thumb Code     0  libinit2.o(.ARM.Collect$$libinit$$00000017)
    __rt_lib_init_lc_time_1                  0x08000113   Thumb Code     0  libinit2.o(.ARM.Collect$$libinit$$00000019)
    __rt_lib_init_preinit_1                  0x08000113   Thumb Code     0  libinit2.o(.ARM.Collect$$libinit$$00000004)
    __rt_lib_init_rand_1                     0x08000113   Thumb Code     0  libinit2.o(.ARM.Collect$$libinit$$0000000E)
    __rt_lib_init_return                     0x08000113   Thumb Code     0  libinit2.o(.ARM.Collect$$libinit$$00000033)
    __rt_lib_init_signal_1                   0x08000113   Thumb Code     0  libinit2.o(.ARM.Collect$$libinit$$0000001D)
    __rt_lib_init_stdio_1                    0x08000113   Thumb Code     0  libinit2.o(.ARM.Collect$$libinit$$00000025)
    __rt_lib_init_user_alloc_1               0x08000113   Thumb Code     0  libinit2.o(.ARM.Collect$$libinit$$0000000C)
    __rt_lib_shutdown                        0x08000115   Thumb Code     0  libshutdown.o(.ARM.Collect$$libshutdown$$00000000)
    __rt_lib_shutdown_cpp_1                  0x08000117   Thumb Code     0  libshutdown2.o(.ARM.Collect$$libshutdown$$00000002)
    __rt_lib_shutdown_fp_trap_1              0x08000117   Thumb Code     0  libshutdown2.o(.ARM.Collect$$libshutdown$$00000007)
    __rt_lib_shutdown_heap_1                 0x08000117   Thumb Code     0  libshutdown2.o(.ARM.Collect$$libshutdown$$0000000F)
    __rt_lib_shutdown_return                 0x08000117   Thumb Code     0  libshutdown2.o(.ARM.Collect$$libshutdown$$00000010)
    __rt_lib_shutdown_signal_1               0x08000117   Thumb Code     0  libshutdown2.o(.ARM.Collect$$libshutdown$$0000000A)
    __rt_lib_shutdown_stdio_1                0x08000117   Thumb Code     0  libshutdown2.o(.ARM.Collect$$libshutdown$$00000004)
    __rt_lib_shutdown_user_alloc_1           0x08000117   Thumb Code     0  libshutdown2.o(.ARM.Collect$$libshutdown$$0000000C)
    __rt_entry                               0x08000119   Thumb Code     0  __rtentry.o(.ARM.Collect$$rtentry$$00000000)
    __rt_entry_presh_1                       0x08000119   Thumb Code     0  __rtentry2.o(.ARM.Collect$$rtentry$$00000002)
    __rt_entry_sh                            0x08000119   Thumb Code     0  __rtentry4.o(.ARM.Collect$$rtentry$$00000004)
    __rt_entry_li                            0x0800011f   Thumb Code     0  __rtentry2.o(.ARM.Collect$$rtentry$$0000000A)
    __rt_entry_postsh_1                      0x0800011f   Thumb Code     0  __rtentry2.o(.ARM.Collect$$rtentry$$00000009)
    __rt_entry_main                          0x08000123   Thumb Code     0  __rtentry2.o(.ARM.Collect$$rtentry$$0000000D)
    __rt_entry_postli_1                      0x08000123   Thumb Code     0  __rtentry2.o(.ARM.Collect$$rtentry$$0000000C)
    __rt_exit                                0x0800012b   Thumb Code     0  rtexit.o(.ARM.Collect$$rtexit$$00000000)
    __rt_exit_ls                             0x0800012d   Thumb Code     0  rtexit2.o(.ARM.Collect$$rtexit$$00000003)
    __rt_exit_prels_1                        0x0800012d   Thumb Code     0  rtexit2.o(.ARM.Collect$$rtexit$$00000002)
    __rt_exit_exit                           0x08000131   Thumb Code     0  rtexit2.o(.ARM.Collect$$rtexit$$00000004)
    Reset_Handler                            0x08000139   Thumb Code     8  startup_stm32f031x6.o(.text)
    NMI_Handler                              0x08000141   Thumb Code     2  startup_stm32f031x6.o(.text)
    HardFault_Handler                        0x08000143   Thumb Code     2  startup_stm32f031x6.o(.text)
    SVC_Handler                              0x08000145   Thumb Code     2  startup_stm32f031x6.o(.text)
    PendSV_Handler                           0x08000147   Thumb Code     2  startup_stm32f031x6.o(.text)
    ADC1_IRQHandler                          0x0800014b   Thumb Code     0  startup_stm32f031x6.o(.text)
    DMA1_Channel1_IRQHandler                 0x0800014b   Thumb Code     0  startup_stm32f031x6.o(.text)
    DMA1_Channel2_3_IRQHandler               0x0800014b   Thumb Code     0  startup_stm32f031x6.o(.text)
    DMA1_Channel4_5_IRQHandler               0x0800014b   Thumb Code     0  startup_stm32f031x6.o(.text)
    EXTI0_1_IRQHandler                       0x0800014b   Thumb Code     0  startup_stm32f031x6.o(.text)
    EXTI2_3_IRQHandler                       0x0800014b   Thumb Code     0  startup_stm32f031x6.o(.text)
    EXTI4_15_IRQHandler                      0x0800014b   Thumb Code     0  startup_stm32f031x6.o(.text)
    FLASH_IRQHandler                         0x0800014b   Thumb Code     0  startup_stm32f031x6.o(.text)
    I2C1_IRQHandler                          0x0800014b   Thumb Code     0  startup_stm32f031x6.o(.text)
    PVD_IRQHandler                           0x0800014b   Thumb Code     0  startup_stm32f031x6.o(.text)
    RCC_IRQHandler                           0x0800014b   Thumb Code     0  startup_stm32f031x6.o(.text)
    RTC_IRQHandler                           0x0800014b   Thumb Code     0  startup_stm32f031x6.o(.text)
    SPI1_IRQHandler                          0x0800014b   Thumb Code     0  startup_stm32f031x6.o(.text)
    TIM14_IRQHandler                         0x0800014b   Thumb Code     0  startup_stm32f031x6.o(.text)
    TIM16_IRQHandler                         0x0800014b   Thumb Code     0  startup_stm32f031x6.o(.text)
    TIM17_IRQHandler                         0x0800014b   Thumb Code     0  startup_stm32f031x6.o(.text)
    TIM1_BRK_UP_TRG_COM_IRQHandler           0x0800014b   Thumb Code     0  startup_stm32f031x6.o(.text)
    TIM1_CC_IRQHandler                       0x0800014b   Thumb Code     0  startup_stm32f031x6.o(.text)
    TIM2_IRQHandler                          0x0800014b   Thumb Code     0  startup_stm32f031x6.o(.text)
    TIM3_IRQHandler                          0x0800014b   Thumb Code     0  startup_stm32f031x6.o(.text)
    USART1_IRQHandler                        0x0800014b   Thumb Code     0  startup_stm32f031x6.o(.text)
    WWDG_IRQHandler                          0x0800014b   Thumb Code     0  startup_stm32f031x6.o(.text)
    __user_initial_stackheap                 0x0800014d   Thumb Code     0  startup_stm32f031x6.o(.text)
    __use_two_region_memory                  0x08000171   Thumb Code     2  heapauxi.o(.text)
    __rt_heap_escrow$2region                 0x08000173   Thumb Code     2  heapauxi.o(.text)
    __rt_heap_expand$2region                 0x08000175   Thumb Code     2  heapauxi.o(.text)
    __user_setup_stackheap                   0x08000177   Thumb Code    62  sys_stackheap_outer.o(.text)
    exit                                     0x080001b5   Thumb Code    16  exit.o(.text)
    __user_libspace                          0x080001c5   Thumb Code     8  libspace.o(.text)
    __user_perproc_libspace                  0x080001c5   Thumb Code     0  libspace.o(.text)
    __user_perthread_libspace                0x080001c5   Thumb Code     0  libspace.o(.text)
    _sys_exit                                0x080001cd   Thumb Code     8  sys_exit.o(.text)
    __I$use$semihosting                      0x080001d9   Thumb Code     0  use_no_semi.o(.text)
    __use_no_semihosting_swi                 0x080001d9   Thumb Code     2  use_no_semi.o(.text)
    __semihosting_library_function           0x080001db   Thumb Code     0  indicate_semi.o(.text)
    DrawMaze                                 0x0800020d   Thumb Code   816  main.o(.text.DrawMaze)
    RGBToWord                                0x0800053d   Thumb Code    22  display.o(.text.RGBToWord)
    SysTick_Handler                          0x08000571   Thumb Code    12  main.o(.text.SysTick_Handler)
    SystemInit                               0x0800057d   Thumb Code     2  system_stm32f0xx.o(.text.SystemInit)
    delay                                    0x080005a1   Thumb Code    36  main.o(.text.delay)
    display_begin                            0x080005c5   Thumb Code   532  display.o(.text.display_begin)
    enablePullUp                             0x080007d9   Thumb Code    24  main.o(.text.enablePullUp)
    fillRectangle                            0x080007f1   Thumb Code    46  display.o(.text.fillRectangle)
    initClock                                0x08000821   Thumb Code   100  main.o(.text.initClock)
    initSysTick                              0x080008dd   Thumb Code    28  main.o(.text.initSysTick)
    initTimer                                0x080008f9   Thumb Code   112  main.o(.text.initTimer)
    isInside                                 0x08000969   Thumb Code    74  main.o(.text.isInside)
    main                                     0x080009b5   Thumb Code  8480  main.o(.text.main)
    minuslife                                0x08002ad5   Thumb Code   120  main.o(.text.minuslife)
    pinMode                                  0x08002bb7   Thumb Code    18  main.o(.text.pinMode)
    playNote                                 0x08002bc9   Thumb Code    88  main.o(.text.playNote)
    pluscoin                                 0x08002c21   Thumb Code   120  main.o(.text.pluscoin)
    power_saving_delay                       0x08002c99   Thumb Code    28  main.o(.text.power_saving_delay)
    printText                                0x08002cb5   Thumb Code   148  display.o(.text.printText)
    printTextX2                              0x08002d49   Thumb Code   156  display.o(.text.printTextX2)
    putImage                                 0x08002de5   Thumb Code   296  display.o(.text.putImage)
    __aeabi_uidiv                            0x08002f5d   Thumb Code    68  aeabi_sdivfast.o(.text_divfast)
    __aeabi_idiv                             0x08002fa1   Thumb Code   434  aeabi_sdivfast.o(.text_divfast)
    Region$$Table$$Base                      0x08003ad8   Number         0  anon$$obj.o(Region$$Table)
    Region$$Table$$Limit                     0x08003ae8   Number         0  anon$$obj.o(Region$$Table)
    __libspace_start                         0x20000000   Data          96  libspace.o(.bss)
    __temporary_stack_top$libspace           0x20000060   Data           0  libspace.o(.bss)



==============================================================================

Memory Map of the image

  Image Entry point : 0x08000139

  Load Region LR_1 (Base: 0x08000000, Size: 0x00003ae8, Max: 0xffffffff, ABSOLUTE)

    Execution Region ER_RO (Exec base: 0x08000000, Load base: 0x08000000, Size: 0x00003ae8, Max: 0xffffffff, ABSOLUTE)

    Exec Addr    Load Addr    Size         Type   Attr      Idx    E Section Name        Object

    0x08000000   0x08000000   0x000000b0   Data   RO          119    RESET               startup_stm32f031x6.o
    0x080000b0   0x080000b0   0x00000008   Code   RO          153  * !!!main             c_p.l(__main.o)
    0x080000b8   0x080000b8   0x0000003c   Code   RO          328    !!!scatter          c_p.l(__scatter.o)
    0x080000f4   0x080000f4   0x0000001c   Code   RO          330    !!handler_zi        c_p.l(__scatter_zi.o)
    0x08000110   0x08000110   0x00000002   Code   RO          191    .ARM.Collect$$libinit$$00000000  c_p.l(libinit.o)
    0x08000112   0x08000112   0x00000000   Code   RO          205    .ARM.Collect$$libinit$$00000002  c_p.l(libinit2.o)
    0x08000112   0x08000112   0x00000000   Code   RO          207    .ARM.Collect$$libinit$$00000004  c_p.l(libinit2.o)
    0x08000112   0x08000112   0x00000000   Code   RO          210    .ARM.Collect$$libinit$$0000000A  c_p.l(libinit2.o)
    0x08000112   0x08000112   0x00000000   Code   RO          212    .ARM.Collect$$libinit$$0000000C  c_p.l(libinit2.o)
    0x08000112   0x08000112   0x00000000   Code   RO          214    .ARM.Collect$$libinit$$0000000E  c_p.l(libinit2.o)
    0x08000112   0x08000112   0x00000000   Code   RO          217    .ARM.Collect$$libinit$$00000011  c_p.l(libinit2.o)
    0x08000112   0x08000112   0x00000000   Code   RO          219    .ARM.Collect$$libinit$$00000013  c_p.l(libinit2.o)
    0x08000112   0x08000112   0x00000000   Code   RO          221    .ARM.Collect$$libinit$$00000015  c_p.l(libinit2.o)
    0x08000112   0x08000112   0x00000000   Code   RO          223    .ARM.Collect$$libinit$$00000017  c_p.l(libinit2.o)
    0x08000112   0x08000112   0x00000000   Code   RO          225    .ARM.Collect$$libinit$$00000019  c_p.l(libinit2.o)
    0x08000112   0x08000112   0x00000000   Code   RO          227    .ARM.Collect$$libinit$$0000001B  c_p.l(libinit2.o)
    0x08000112   0x08000112   0x00000000   Code   RO          229    .ARM.Collect$$libinit$$0000001D  c_p.l(libinit2.o)
    0x08000112   0x08000112   0x00000000   Code   RO          231    .ARM.Collect$$libinit$$0000001F  c_p.l(libinit2.o)
    0x08000112   0x08000112   0x00000000   Code   RO          233    .ARM.Collect$$libinit$$00000021  c_p.l(libinit2.o)
    0x08000112   0x08000112   0x00000000   Code   RO          235    .ARM.Collect$$libinit$$00000023  c_p.l(libinit2.o)
    0x08000112   0x08000112   0x00000000   Code   RO          237    .ARM.Collect$$libinit$$00000025  c_p.l(libinit2.o)
    0x08000112   0x08000112   0x00000000   Code   RO          241    .ARM.Collect$$libinit$$0000002C  c_p.l(libinit2.o)
    0x08000112   0x08000112   0x00000000   Code   RO          243    .ARM.Collect$$libinit$$0000002E  c_p.l(libinit2.o)
    0x08000112   0x08000112   0x00000000   Code   RO          245    .ARM.Collect$$libinit$$00000030  c_p.l(libinit2.o)
    0x08000112   0x08000112   0x00000000   Code   RO          247    .ARM.Collect$$libinit$$00000032  c_p.l(libinit2.o)
    0x08000112   0x08000112   0x00000002   Code   RO          248    .ARM.Collect$$libinit$$00000033  c_p.l(libinit2.o)
    0x08000114   0x08000114   0x00000002   Code   RO          283    .ARM.Collect$$libshutdown$$00000000  c_p.l(libshutdown.o)
    0x08000116   0x08000116   0x00000000   Code   RO          311    .ARM.Collect$$libshutdown$$00000002  c_p.l(libshutdown2.o)
    0x08000116   0x08000116   0x00000000   Code   RO          313    .ARM.Collect$$libshutdown$$00000004  c_p.l(libshutdown2.o)
    0x08000116   0x08000116   0x00000000   Code   RO          316    .ARM.Collect$$libshutdown$$00000007  c_p.l(libshutdown2.o)
    0x08000116   0x08000116   0x00000000   Code   RO          319    .ARM.Collect$$libshutdown$$0000000A  c_p.l(libshutdown2.o)
    0x08000116   0x08000116   0x00000000   Code   RO          321    .ARM.Collect$$libshutdown$$0000000C  c_p.l(libshutdown2.o)
    0x08000116   0x08000116   0x00000000   Code   RO          324    .ARM.Collect$$libshutdown$$0000000F  c_p.l(libshutdown2.o)
    0x08000116   0x08000116   0x00000002   Code   RO          325    .ARM.Collect$$libshutdown$$00000010  c_p.l(libshutdown2.o)
    0x08000118   0x08000118   0x00000000   Code   RO          155    .ARM.Collect$$rtentry$$00000000  c_p.l(__rtentry.o)
    0x08000118   0x08000118   0x00000000   Code   RO          161    .ARM.Collect$$rtentry$$00000002  c_p.l(__rtentry2.o)
    0x08000118   0x08000118   0x00000006   Code   RO          173    .ARM.Collect$$rtentry$$00000004  c_p.l(__rtentry4.o)
    0x0800011e   0x0800011e   0x00000000   Code   RO          163    .ARM.Collect$$rtentry$$00000009  c_p.l(__rtentry2.o)
    0x0800011e   0x0800011e   0x00000004   Code   RO          164    .ARM.Collect$$rtentry$$0000000A  c_p.l(__rtentry2.o)
    0x08000122   0x08000122   0x00000000   Code   RO          166    .ARM.Collect$$rtentry$$0000000C  c_p.l(__rtentry2.o)
    0x08000122   0x08000122   0x00000008   Code   RO          167    .ARM.Collect$$rtentry$$0000000D  c_p.l(__rtentry2.o)
    0x0800012a   0x0800012a   0x00000002   Code   RO          196    .ARM.Collect$$rtexit$$00000000  c_p.l(rtexit.o)
    0x0800012c   0x0800012c   0x00000000   Code   RO          254    .ARM.Collect$$rtexit$$00000002  c_p.l(rtexit2.o)
    0x0800012c   0x0800012c   0x00000004   Code   RO          255    .ARM.Collect$$rtexit$$00000003  c_p.l(rtexit2.o)
    0x08000130   0x08000130   0x00000006   Code   RO          256    .ARM.Collect$$rtexit$$00000004  c_p.l(rtexit2.o)
    0x08000136   0x08000136   0x00000002   PAD
    0x08000138   0x08000138   0x00000038   Code   RO          120  * .text               startup_stm32f031x6.o
    0x08000170   0x08000170   0x00000006   Code   RO          151    .text               c_p.l(heapauxi.o)
    0x08000176   0x08000176   0x0000003e   Code   RO          177    .text               c_p.l(sys_stackheap_outer.o)
    0x080001b4   0x080001b4   0x00000010   Code   RO          180    .text               c_p.l(exit.o)
    0x080001c4   0x080001c4   0x00000008   Code   RO          192    .text               c_p.l(libspace.o)
    0x080001cc   0x080001cc   0x0000000c   Code   RO          249    .text               c_p.l(sys_exit.o)
    0x080001d8   0x080001d8   0x00000002   Code   RO          272    .text               c_p.l(use_no_semi.o)
    0x080001da   0x080001da   0x00000000   Code   RO          274    .text               c_p.l(indicate_semi.o)
    0x080001da   0x080001da   0x00000002   PAD
    0x080001dc   0x080001dc   0x0000000c   Code   RO           53    .text.CSHigh        display.o
    0x080001e8   0x080001e8   0x0000000c   Code   RO           59    .text.CSLow         display.o
    0x080001f4   0x080001f4   0x0000000c   Code   RO           69    .text.DCHigh        display.o
    0x08000200   0x08000200   0x0000000c   Code   RO          107    .text.DCLow         display.o
    0x0800020c   0x0800020c   0x00000330   Code   RO           16    .text.DrawMaze      main.o
    0x0800053c   0x0800053c   0x00000016   Code   RO          101    .text.RGBToWord     display.o
    0x08000552   0x08000552   0x00000002   PAD
    0x08000554   0x08000554   0x0000000c   Code   RO           55    .text.ResetHigh     display.o
    0x08000560   0x08000560   0x00000010   Code   RO           57    .text.ResetLow      display.o
    0x08000570   0x08000570   0x0000000c   Code   RO           26    .text.SysTick_Handler  main.o
    0x0800057c   0x0800057c   0x00000002   Code   RO          127    .text.SystemInit    system_stm32f0xx.o
    0x0800057e   0x0800057e   0x00000010   Code   RO           61    .text.command       display.o
    0x0800058e   0x0800058e   0x00000010   Code   RO           63    .text.data          display.o
    0x0800059e   0x0800059e   0x00000002   PAD
    0x080005a0   0x080005a0   0x00000024   Code   RO           14    .text.delay         main.o
    0x080005c4   0x080005c4   0x00000214   Code   RO           49    .text.display_begin  display.o
    0x080007d8   0x080007d8   0x00000018   Code   RO           12    .text.enablePullUp  main.o
    0x080007f0   0x080007f0   0x0000002e   Code   RO           65    .text.fillRectangle  display.o
    0x0800081e   0x0800081e   0x00000002   PAD
    0x08000820   0x08000820   0x00000064   Code   RO            6    .text.initClock     main.o
    0x08000884   0x08000884   0x00000058   Code   RO           51    .text.initSPI       display.o
    0x080008dc   0x080008dc   0x0000001c   Code   RO            8    .text.initSysTick   main.o
    0x080008f8   0x080008f8   0x00000070   Code   RO           18    .text.initTimer     main.o
    0x08000968   0x08000968   0x0000004a   Code   RO            2    .text.isInside      main.o
    0x080009b2   0x080009b2   0x00000002   PAD
    0x080009b4   0x080009b4   0x00002120   Code   RO            4    .text.main          main.o
    0x08002ad4   0x08002ad4   0x00000078   Code   RO           24    .text.minuslife     main.o
    0x08002b4c   0x08002b4c   0x00000018   Code   RO           93    .text.mystrlen      display.o
    0x08002b64   0x08002b64   0x00000052   Code   RO           67    .text.openAperture  display.o
    0x08002bb6   0x08002bb6   0x00000012   Code   RO           10    .text.pinMode       main.o
    0x08002bc8   0x08002bc8   0x00000058   Code   RO           20    .text.playNote      main.o
    0x08002c20   0x08002c20   0x00000078   Code   RO           22    .text.pluscoin      main.o
    0x08002c98   0x08002c98   0x0000001c   Code   RO           28    .text.power_saving_delay  main.o
    0x08002cb4   0x08002cb4   0x00000094   Code   RO           91    .text.printText     display.o
    0x08002d48   0x08002d48   0x0000009c   Code   RO           95    .text.printTextX2   display.o
    0x08002de4   0x08002de4   0x00000128   Code   RO           75    .text.putImage      display.o
    0x08002f0c   0x08002f0c   0x00000024   Code   RO           71    .text.transferSPI16  display.o
    0x08002f30   0x08002f30   0x0000002c   Code   RO          105    .text.transferSPI8  display.o
    0x08002f5c   0x08002f5c   0x000001f6   Code   RO          144    .text_divfast       c_p.l(aeabi_sdivfast.o)
    0x08003152   0x08003152   0x000001e0   Data   RO          109    .rodata.Font5x7     display.o
    0x08003332   0x08003332   0x00000120   Data   RO           33    .rodata.coin        main.o
    0x08003452   0x08003452   0x00000120   Data   RO           32    .rodata.coinhud     main.o
    0x08003572   0x08003572   0x000000e0   Data   RO           31    .rodata.jeff1       main.o
    0x08003652   0x08003652   0x000000e0   Data   RO           37    .rodata.jeff2       main.o
    0x08003732   0x08003732   0x000000e0   Data   RO           38    .rodata.jeff3       main.o
    0x08003812   0x08003812   0x00000078   Data   RO           36    .rodata.lever       main.o
    0x0800388a   0x0800388a   0x00000078   Data   RO           34    .rodata.lever2      main.o
    0x08003902   0x08003902   0x00000053   Data   RO           30    .rodata.str1.1      main.o
    0x08003955   0x08003955   0x00000001   PAD
    0x08003956   0x08003956   0x00000180   Data   RO           35    .rodata.win         main.o
    0x08003ad6   0x08003ad6   0x00000002   PAD
    0x08003ad8   0x08003ad8   0x00000010   Data   RO          327    Region$$Table       anon$$obj.o


    Execution Region ER_RW (Exec base: 0x20000000, Load base: 0x08003ae8, Size: 0x00000000, Max: 0xffffffff, ABSOLUTE)

    **** No section assigned to this execution region ****


    Execution Region ER_ZI (Exec base: 0x20000000, Load base: 0x08003ae8, Size: 0x00000668, Max: 0xffffffff, ABSOLUTE)

    Exec Addr    Load Addr    Size         Type   Attr      Idx    E Section Name        Object

    0x20000000        -       0x00000060   Zero   RW          193    .bss                c_p.l(libspace.o)
    0x20000060        -       0x00000004   Zero   RW           39    .bss.milliseconds   main.o
    0x20000064   0x08003ae8   0x00000004   PAD
    0x20000068        -       0x00000200   Zero   RW          118    HEAP                startup_stm32f031x6.o
    0x20000268        -       0x00000400   Zero   RW          117    STACK               startup_stm32f031x6.o


==============================================================================

Image component sizes


      Code (inc. data)   RO Data    RW Data    ZI Data      Debug   Object Name

      1582         36        480          0          0      13956   display.o
     10056        464       1955          0          4      16600   main.o
        56         26        176          0       1536        640   startup_stm32f031x6.o
         2          0          0          0          0       1800   system_stm32f0xx.o

    ----------------------------------------------------------------------
     11704        526       2630          0       1544      32996   Object Totals
         0          0         16          0          0          0   (incl. Generated)
         8          0          3          0          4          0   (incl. Padding)

    ----------------------------------------------------------------------

      Code (inc. data)   RO Data    RW Data    ZI Data      Debug   Library Member Name

         8          0          0          0          0         68   __main.o
         0          0          0          0          0          0   __rtentry.o
        12          0          0          0          0          0   __rtentry2.o
         6          0          0          0          0          0   __rtentry4.o
        60          8          0          0          0          0   __scatter.o
        28          0          0          0          0          0   __scatter_zi.o
       502          0          0          0          0         92   aeabi_sdivfast.o
        16          0          0          0          0         68   exit.o
         6          0          0          0          0        136   heapauxi.o
         0          0          0          0          0          0   indicate_semi.o
         2          0          0          0          0          0   libinit.o
         2          0          0          0          0          0   libinit2.o
         2          0          0          0          0          0   libshutdown.o
         2          0          0          0          0          0   libshutdown2.o
         8          4          0          0         96         68   libspace.o
         2          0          0          0          0          0   rtexit.o
        10          0          0          0          0          0   rtexit2.o
        12          4          0          0          0         60   sys_exit.o
        62          0          0          0          0         80   sys_stackheap_outer.o
         2          0          0          0          0         68   use_no_semi.o

    ----------------------------------------------------------------------
       746         16          0          0         96        640   Library Totals
         4          0          0          0          0          0   (incl. Padding)

    ----------------------------------------------------------------------

      Code (inc. data)   RO Data    RW Data    ZI Data      Debug   Library Name

       742         16          0          0         96        640   c_p.l

    ----------------------------------------------------------------------
       746         16          0          0         96        640   Library Totals

    ----------------------------------------------------------------------

==============================================================================


      Code (inc. data)   RO Data    RW Data    ZI Data      Debug   

     12450        542       2630          0       1640      33392   Grand Totals
     12450        542       2630          0       1640      33392   ELF Image Totals
     12450        542       2630          0          0          0   ROM Totals

==============================================================================

    Total RO  Size (Code + RO Data)                15080 (  14.73kB)
    Total RW  Size (RW Data + ZI Data)              1640 (   1.60kB)
    Total ROM Size (Code + RO Data + RW Data)      15080 (  14.73kB)

==============================================================================

